00111e8c t .divsi3_skip_div0_test
00111c78 t .udivsi3_skip_div0_test
00111e84 T __aeabi_idiv
001120c4 W __aeabi_idiv0
001120a4 T __aeabi_idivmod
001120c4 W __aeabi_ldiv0
00111c78 T __aeabi_uidiv
00111e64 T __aeabi_uidivmod
001120c8 T __aeabi_uldivmod
0010f630 T __any_on
00111c08 T __ascii_wctomb
0010f32c T __b2d
0010f5c4 T __copybits
         w __cs3_argc
         w __cs3_argv
01100040 A __cs3_heap_end
001133cc D __cs3_heap_limit
00113440 B __cs3_heap_start
00100040 T __cs3_interrupt_vector
00100040 T __cs3_interrupt_vector_arm
00112588 T __cs3_isr_dabort
00112590 T __cs3_isr_fiq
00112578 T __cs3_isr_interrupt
0011258c T __cs3_isr_irq
00112584 T __cs3_isr_pabort
00112578 W __cs3_isr_reserved
00112580 T __cs3_isr_swi
0011257c T __cs3_isr_undef
00112450 T __cs3_premain
fffe0000 A __cs3_region_end_boot_rom
00000000 A __cs3_region_end_oc_ram
01100040 A __cs3_region_end_ram
fffd0000 A __cs3_region_init_boot_rom
ffff0000 A __cs3_region_init_oc_ram
00100040 A __cs3_region_init_ram
00000000 A __cs3_region_init_size_boot_rom
00000000 A __cs3_region_init_size_oc_ram
00013390 A __cs3_region_init_size_ram
00000002 A __cs3_region_num
00010000 A __cs3_region_size_boot_rom
00010000 A __cs3_region_size_oc_ram
01000000 A __cs3_region_size_ram
fffd0000 ? __cs3_region_start_boot_rom
ffff0000 ? __cs3_region_start_oc_ram
00100040 T __cs3_region_start_ram
00000000 A __cs3_region_zero_size_boot_rom
00000000 A __cs3_region_zero_size_oc_ram
00000070 A __cs3_region_zero_size_ram
00112ad4 R __cs3_regions
00112afc R __cs3_regions_end
00100080 T __cs3_reset
00100080 T __cs3_reset_cycloneV_dk_ram
01100040 A __cs3_stack
         U __cs3_start_asm
00100084 T __cs3_start_c
0010f408 T __d2b
         w __deregister_frame_info
00112180 T __divdi3
00111e84 T __divsi3
00100184 t __do_global_dtors_aux
00112ad0 r __do_global_dtors_aux_fini_array_entry
00112b04 D __dso_handle
0011261c r __EH_FRAME_BEGIN__
00113440 B __end
00112594 T __errno
00112ad4 R __fini_array_end
00112ad0 R __fini_array_start
0010cbdc t __fp_lock
0010ceb8 T __fp_lock_all
0010cbe4 t __fp_unlock
0010ced0 T __fp_unlock_all
0010fc14 T __fpclassifyd
00112ab4 r __frame_dummy_init_array_entry
0011268c r __FRAME_END__
00112104 T __gnu_ldivmod_helper
00112140 T __gnu_uldivmod_helper
0010ec44 T __hi0bits
0010ed38 T __i2b
00112ab8 R __init_array_end
00112ab4 R __init_array_start
00112b00 d __JCR_END__
00112b00 d __JCR_LIST__
001125a4 T __libc_init_array
0010eca8 T __lo0bits
0010d8b0 T __locale_charset
0010d8d8 T __locale_cjk_lang
0010d8bc T __locale_mb_cur_max
0010d8cc T __locale_msgcharset
0010f02c T __lshift
00112fb4 D __malloc_av_
0011340c B __malloc_current_mallinfo
0010e9e0 T __malloc_lock
00113434 B __malloc_max_sbrked_mem
00113438 B __malloc_max_total_mem
001133bc D __malloc_sbrk_base
00113408 B __malloc_top_pad
001133c0 D __malloc_trim_threshold
0010e9e4 T __malloc_unlock
00112f58 D __mb_cur_max
0010f128 T __mcmp
0010f18c T __mdiff
00113400 B __mlocale_changed
00112a50 R __mprec_bigtens
00112960 R __mprec_tens
00112a28 R __mprec_tinytens
0010ea90 T __multadd
0010ed58 T __multiply
00113404 B __nlocale_changed
0010ef30 T __pow5mult
00112ab4 R __preinit_array_end
00112ab0 R __preinit_array_start
0010f50c T __ratio
         w __register_frame_info
0010eb60 T __s2b
0010b298 t __sbprintf
0011135c t __sbprintf
0010fd74 T __sclose
0010fcec T __seofread
0010c920 T __sflush_r
0010cd48 T __sfmoreglue
0010cd98 T __sfp
0010cea8 T __sfp_lock_acquire
0010ceac T __sfp_lock_release
0010d294 T __sfvwrite_r
0010ce98 T __sinit
0010cbf8 t __sinit.part.1
0010ceb0 T __sinit_lock_acquire
0010ceb4 T __sinit_lock_release
0010d910 T __smakebuf_r
00110104 T __sprint_r
00110060 t __sprint_r.part.0
0010fcbc T __sread
0010fd48 T __sseek
00111ad0 T __swbuf
001119ac T __swbuf_r
0010fcf4 T __swrite
0010b340 T __swsetup_r
001133d0 D __TMC_END__
00112330 T __udivdi3
00111c78 T __udivsi3
0010f2c8 T __ulp
001124a0 t __vfp_init
001133c4 D __wctomb
0010e9e8 T _Balloc
0010ea74 T _Bfree
00111444 T _calloc_r
0010ce80 T _cleanup
0010cbec T _cleanup_r
0010064c T _close
001114d8 T _close_r
0010b664 T _dtoa_r
001133d0 D _edata
00113440 B _end
00112b00 R _etext
00111510 T _fclose_r
0010cb5c T _fflush_r
00112ab8 R _fini
00111618 T _fputwc_r
0010cfe4 T _free_r
00100684 T _fstat
0011179c T _fstat_r
00100040 T _ftext
0010d738 T _fwalk
0010d7b0 T _fwalk_reent
0011293c R _global_impure_ptr
00112b08 D _impure_ptr
00112a98 R _init
001006c0 T _isatty
001117d8 T _isatty_r
         w _ITM_deregisterTMCloneTable
         w _ITM_registerTMCloneTable
         w _Jv_RegisterClasses
0010d8e0 T _localeconv_r
001006f8 T _lseek
00111810 T _lseek_r
0010da74 T _malloc_r
0010cee8 T _malloc_trim_r
0010f58c T _mprec_log10
001133fc B _PathLocale
001090ec T _printf_r
00109160 T _puts_r
00100738 T _read
00111850 T _read_r
0010f6b0 T _realloc_r
001118bc T _reclaim_reent
0011250c T _sbrk
0010fc84 T _sbrk_r
0010d830 T _setlocale_r
00100110 T _start
00110120 T _vfiprintf_r
00109380 T _vfprintf_r
00111ae8 T _wcrtomb_r
00111c30 T _wctomb_r
00100764 T _write
00111404 T _write_r
00101254 W alt_cache_system_clean
00106fe4 t alt_dma_16550_to_memory
00106e40 t alt_dma_16550_to_memory_burst
00106b68 t alt_dma_16550_to_memory_burst_segment
00106d14 t alt_dma_16550_to_memory_single
001069fc t alt_dma_16550_to_memory_single_segment
00101600 T alt_dma_channel_alloc
00101690 T alt_dma_channel_alloc_any
001017f8 T alt_dma_channel_exec
00101d34 T alt_dma_channel_fault_status_get
0010172c T alt_dma_channel_free
001019cc T alt_dma_channel_kill
00101ae0 T alt_dma_channel_reg_get
00101c80 T alt_dma_channel_state_get
001075f4 T alt_dma_ecc_start
00101da0 T alt_dma_event_int_select
00101e6c T alt_dma_event_int_status_get_raw
00104f08 t alt_dma_i2c_to_memory
001048d8 t alt_dma_i2c_to_memory_common
00104544 t alt_dma_i2c_to_memory_common_segment
00104a38 t alt_dma_i2c_to_memory_master
0010127c T alt_dma_init
00101f64 T alt_dma_int_clear
00101ee8 T alt_dma_int_status_get
001075ac t alt_dma_is_init
00101cfc T alt_dma_manager_fault_status_get
00101c34 T alt_dma_manager_state_get
00106844 t alt_dma_memory_to_16550
001066a0 t alt_dma_memory_to_16550_burst
001063c8 t alt_dma_memory_to_16550_burst_segment
00106574 t alt_dma_memory_to_16550_single
0010625c t alt_dma_memory_to_16550_single_segment
00104480 t alt_dma_memory_to_i2c
00104058 t alt_dma_memory_to_i2c_common
00103cc4 t alt_dma_memory_to_i2c_common_segment
001041b8 t alt_dma_memory_to_i2c_master
00103af4 t alt_dma_memory_to_i2c_master_custom
00102678 T alt_dma_memory_to_memory
00102240 t alt_dma_memory_to_memory_segment
00107190 T alt_dma_memory_to_periph
00105604 t alt_dma_memory_to_qspi
00104fcc t alt_dma_memory_to_qspi_segment
00103140 T alt_dma_memory_to_register
00102e30 t alt_dma_memory_to_register_segment
0010739c T alt_dma_periph_to_memory
00107774 T alt_dma_program_clear
00107aa8 T alt_dma_program_DMAADDH
00107bbc T alt_dma_program_DMAADNH
00107cd0 T alt_dma_program_DMAEND
00107d70 T alt_dma_program_DMAFLUSHP
00107e30 T alt_dma_program_DMAGO
00107fb4 T alt_dma_program_DMAKILL
00108040 T alt_dma_program_DMALD
0010812c T alt_dma_program_DMALDP
0010823c T alt_dma_program_DMALP
001083bc T alt_dma_program_DMALPEND
00108628 T alt_dma_program_DMALPFE
001086f8 T alt_dma_program_DMAMOV
001088d4 T alt_dma_program_DMANOP
00108960 T alt_dma_program_DMARMB
001089ec T alt_dma_program_DMASEV
00108ab4 T alt_dma_program_DMAST
00108ba0 T alt_dma_program_DMASTP
00108cb0 T alt_dma_program_DMASTZ
00108d3c T alt_dma_program_DMAWFE
00108e38 T alt_dma_program_DMAWFP
00108f58 T alt_dma_program_DMAWMB
001076e0 T alt_dma_program_init
00107820 T alt_dma_program_progress_reg
00107750 T alt_dma_program_uninit
00107968 T alt_dma_program_update_reg
001077b0 T alt_dma_program_validate
00106104 t alt_dma_qspi_to_memory
0010575c t alt_dma_qspi_to_memory_segment
00103778 T alt_dma_register_to_memory
00103468 t alt_dma_register_to_memory_segment
00101bc8 T alt_dma_send_event
00101564 T alt_dma_uninit
00102c6c T alt_dma_zero_to_memory
001029c8 t alt_dma_zero_to_memory_segment
00100f98 T alt_globaltmr_autoinc_get
00100fbc T alt_globaltmr_autoinc_mode_start
00100ff4 T alt_globaltmr_autoinc_mode_stop
00100f08 T alt_globaltmr_autoinc_set
00100cc4 T alt_globaltmr_comp_get
00100d34 T alt_globaltmr_comp_get64
00100dcc T alt_globaltmr_comp_mode_start
00100e04 T alt_globaltmr_comp_mode_stop
00100b74 T alt_globaltmr_comp_set
00100c18 T alt_globaltmr_comp_set64
00100b50 T alt_globaltmr_counter_get_hi32
00100b2c T alt_globaltmr_counter_get_low32
00100978 T alt_globaltmr_get
00100a5c T alt_globaltmr_get64
001008bc T alt_globaltmr_init
00101150 T alt_globaltmr_int_clear_pending
00101080 T alt_globaltmr_int_disable
001010b8 T alt_globaltmr_int_enable
001011b4 T alt_globaltmr_int_if_pending_clear
00101118 T alt_globaltmr_int_is_enabled
0010117c T alt_globaltmr_int_is_pending
0010102c T alt_globaltmr_is_autoinc_mode
00100e3c T alt_globaltmr_is_comp_mode
0010080c T alt_globaltmr_is_running
00101064 T alt_globaltmr_maxcounter_get
00100e74 T alt_globaltmr_prescaler_get
00100ea0 T alt_globaltmr_prescaler_set
00100d98 T alt_globaltmr_remain_get
00100934 T alt_globaltmr_start
001008f0 T alt_globaltmr_stop
00100844 T alt_globaltmr_uninit
00103aa0 W alt_i2c_op_mode_get
00101210 W alt_mmu_va_to_pa
00101fc0 t alt_mmu_va_to_pa_coalesce_begin
00102204 t alt_mmu_va_to_pa_coalesce_end
00102080 t alt_mmu_va_to_pa_coalesce_next
00112a78 r blanks.7653
001128c8 r blanks.7710
00111890 T cleanup_glue
001133d0 b completed.8934
0010011c t deregister_tm_clones
0011343c B errno
         w exit
00111604 T fclose
0010cbac T fflush
00111754 T fputwc
001001c8 t frame_dummy
001133ec b g_dmaState
001133c8 d heap.5144
00112b10 d impure_data
00112f38 d lc_ctype_charset
00112f5c d lc_message_charset
00112f7c d lconv
00108fe4 T ldiv
0010d904 T localeconv
0010036c T main
0010e1f0 T memchr
00109044 T memcmp
0010e2c0 T memcpy
0010e7c0 T memmove
0010e8ec T memset
001133d4 b object.8939
00112950 r p05.6169
00109120 T printf
001091f0 T puts
0010b4a0 t quorem
00109220 T rand
0010014c t register_tm_clones
0010d8ec T setlocale
00000000 a shift
00000000 a shift
00109204 T srand
0010fd88 T strcmp
00109280 T strlen
00100224 T system_init
00100340 T system_uninit
00111334 T vfiprintf
0010b270 T vfprintf
00111b74 T wcrtomb
00112a88 r zeroes.7654
001128d8 r zeroes.7711
